data = {
  'AlCl.ezfio' : {
 'alpha' : 1,
'beta' : 1,
 },
 'Al.ezfio' : {
 'alpha' : 1,
'beta' : 1,
 },
 'Al+.ezfio' : {
 'alpha' : 1,
'beta' : 1,
 },
 'AlH2.ezfio' : {
 'alpha' : 1,
'beta' : 1,
 },
 'AlH3.ezfio' : {
 'alpha' : 1,
'beta' : 1,
 },
 'AlH.ezfio' : {
 'alpha' : 1,
'beta' : 1,
 },
 'BCl.ezfio' : {
 'alpha' : 1,
'beta' : 1,
 },
 'BeCl.ezfio' : {
 'alpha' : 1,
'beta' : 1,
 },
 'Be.ezfio' : {
 'alpha' : 1,
'beta' : 1,
 },
 'Be+.ezfio' : {
 'alpha' : 1,
'beta' : 1,
 },
 'BeF.ezfio' : {
 'alpha' : 1,
'beta' : 1,
 },
 'BeH2.ezfio' : {
 'alpha' : 1,
'beta' : 1,
 },
 'BeH.ezfio' : {
 'alpha' : 1,
'beta' : 1,
 },
 'BeO.ezfio' : {
 'alpha' : 1,
'beta' : 1,
 },
 'BeOH.ezfio' : {
 'alpha' : 1,
'beta' : 1,
 },
 'BeS.ezfio' : {
 'alpha' : 1,
'beta' : 1,
 },
 'B.ezfio' : {
 'alpha' : 1,
'beta' : 1,
 },
 'B+.ezfio' : {
 'alpha' : 1,
'beta' : 1,
 },
 'BH2.ezfio' : {
 'alpha' : 1,
'beta' : 1,
 },
 'BH3.ezfio' : {
 'alpha' : 1,
'beta' : 1,
 },
 'BH.ezfio' : {
 'alpha' : 1,
'beta' : 1,
 },
 'BO.ezfio' : {
 'alpha' : 1,
'beta' : 1,
 },
 'BS.ezfio' : {
 'alpha' : 1,
'beta' : 1,
 },
 'C2.ezfio' : {
 'alpha' : 1,
'beta' : 1,
 },
 'C2H2.ezfio' : {
 'alpha' : 1,
'beta' : 1,
 },
 'C2H2+.ezfio' : {
 'alpha' : 1,
'beta' : 1,
 },
 'C2H3.ezfio' : {
 'alpha' : 1,
'beta' : 1,
 },
 'C2H3+.ezfio' : {
 'alpha' : 1,
'beta' : 1,
 },
 'C2H4.ezfio' : {
 'alpha' : 1,
'beta' : 1,
 },
 'C2H4+.ezfio' : {
 'alpha' : 1,
'beta' : 1,
 },
 'C2H5.ezfio' : {
 'alpha' : 1,
'beta' : 1,
 },
 'C2H6.ezfio' : {
 'alpha' : 1,
'beta' : 1,
 },
 'C2H.ezfio' : {
 'alpha' : 1,
'beta' : 1,
 },
 'CCl.ezfio' : {
 'alpha' : 1,
'beta' : 1,
 },
 'C-.ezfio' : {
 'alpha' : 1,
'beta' : 1,
 },
 'C.ezfio' : {
 'alpha' : 1,
'beta' : 1,
 },
 'C+.ezfio' : {
 'alpha' : 1,
'beta' : 1,
 },
 'CF.ezfio' : {
 'alpha' : 1,
'beta' : 1,
 },
 'CH2_1A1.ezfio' : {
 'alpha' : 1,
'beta' : 1,
 },
 'CH2_3B1.ezfio' : {
 'alpha' : 1,
'beta' : 1,
 },
 'CH2-.ezfio' : {
 'alpha' : 1,
'beta' : 1,
 },
 'CH3-.ezfio' : {
 'alpha' : 1,
'beta' : 1,
 },
 'CH3.ezfio' : {
 'alpha' : 1,
'beta' : 1,
 },
 'CH4.ezfio' : {
 'alpha' : 1,
'beta' : 1,
 },
 'CH4+.ezfio' : {
 'alpha' : 1,
'beta' : 1,
 },
 'CH-.ezfio' : {
 'alpha' : 1,
'beta' : 1,
 },
 'CH.ezfio' : {
 'alpha' : 1,
'beta' : 1,
 },
 'Cl2-.ezfio' : {
 'alpha' : 1,
'beta' : 1,
 },
 'Cl2.ezfio' : {
 'alpha' : 1,
'beta' : 1,
 },
 'Cl2+.ezfio' : {
 'alpha' : 1,
'beta' : 1,
 },
 'Cl-.ezfio' : {
 'alpha' : 1,
'beta' : 1,
 },
 'Cl.ezfio' : {
 'alpha' : 1,
'beta' : 1,
 },
 'Cl+.ezfio' : {
 'alpha' : 1,
'beta' : 1,
 },
 'ClH2+.ezfio' : {
 'alpha' : 1,
'beta' : 1,
 },
 'ClH.ezfio' : {
 'alpha' : 1,
'beta' : 1,
 },
 'ClH+.ezfio' : {
 'alpha' : 1,
'beta' : 1,
 },
 'ClS.ezfio' : {
 'alpha' : 1,
'beta' : 1,
 },
 'ClSiH3.ezfio' : {
 'alpha' : 1,
'beta' : 1,
 },
 'CN-.ezfio' : {
 'alpha' : 1,
'beta' : 1,
 },
 'CN.ezfio' : {
 'alpha' : 1,
'beta' : 1,
 },
 'CO2.ezfio' : {
 'alpha' : 1,
'beta' : 1,
 },
 'CO.ezfio' : {
 'alpha' : 1,
'beta' : 1,
 },
 'CO+.ezfio' : {
 'alpha' : 1,
'beta' : 1,
 },
 'COS.ezfio' : {
 'alpha' : 1,
'beta' : 1,
 },
 'CP.ezfio' : {
 'alpha' : 1,
'beta' : 1,
 },
 'CS2.ezfio' : {
 'alpha' : 1,
'beta' : 1,
 },
 'CS.ezfio' : {
 'alpha' : 1,
'beta' : 1,
 },
 'CS+.ezfio' : {
 'alpha' : 1,
'beta' : 1,
 },
 'CSi.ezfio' : {
 'alpha' : 1,
'beta' : 1,
 },
 'F2.ezfio' : {
 'alpha' : 1,
'beta' : 1,
 },
 'FAl.ezfio' : {
 'alpha' : 1,
'beta' : 1,
 },
 'FCl.ezfio' : {
 'alpha' : 1,
'beta' : 1,
 },
 'FCl+.ezfio' : {
 'alpha' : 1,
'beta' : 1,
 },
 'F-.ezfio' : {
 'alpha' : 1,
'beta' : 1,
 },
 'F.ezfio' : {
 'alpha' : 1,
'beta' : 1,
 },
 'F+.ezfio' : {
 'alpha' : 1,
'beta' : 1,
 },
 'FH.ezfio' : {
 'alpha' : 1,
'beta' : 1,
 },
 'FH+.ezfio' : {
 'alpha' : 1,
'beta' : 1,
 },
 'FMg.ezfio' : {
 'alpha' : 1,
'beta' : 1,
 },
 'FNa.ezfio' : {
 'alpha' : 1,
'beta' : 1,
 },
 'FP.ezfio' : {
 'alpha' : 1,
'beta' : 1,
 },
 'FS.ezfio' : {
 'alpha' : 1,
'beta' : 1,
 },
 'FSi.ezfio' : {
 'alpha' : 1,
'beta' : 1,
 },
 'FSiH3.ezfio' : {
 'alpha' : 1,
'beta' : 1,
 },
 'H2CNH.ezfio' : {
 'alpha' : 1,
'beta' : 1,
 },
 'H2CO.ezfio' : {
 'alpha' : 1,
'beta' : 1,
 },
 'H2CPH.ezfio' : {
 'alpha' : 1,
'beta' : 1,
 },
 'H2CS.ezfio' : {
 'alpha' : 1,
'beta' : 1,
 },
 'H2.ezfio' : {
 'alpha' : 1,
'beta' : 1,
 },
 'H2NNH2.ezfio' : {
 'alpha' : 1,
'beta' : 1,
 },
 'H2PPH2.ezfio' : {
 'alpha' : 1,
'beta' : 1,
 },
 'H3CCl.ezfio' : {
 'alpha' : 1,
'beta' : 1,
 },
 'H3CF.ezfio' : {
 'alpha' : 1,
'beta' : 1,
 },
 'H3CNH2.ezfio' : {
 'alpha' : 1,
'beta' : 1,
 },
 'H3COH.ezfio' : {
 'alpha' : 1,
'beta' : 1,
 },
 'H3CSH.ezfio' : {
 'alpha' : 1,
'beta' : 1,
 },
 'H3SiSiH3.ezfio' : {
 'alpha' : 1,
'beta' : 1,
 },
 'HBO.ezfio' : {
 'alpha' : 1,
'beta' : 1,
 },
 'HBS.ezfio' : {
 'alpha' : 1,
'beta' : 1,
 },
 'HCF.ezfio' : {
 'alpha' : 1,
'beta' : 1,
 },
 'HCN.ezfio' : {
 'alpha' : 1,
'beta' : 1,
 },
 'HCO.ezfio' : {
 'alpha' : 1,
'beta' : 1,
 },
 'HCP.ezfio' : {
 'alpha' : 1,
'beta' : 1,
 },
 'H.ezfio' : {
 'alpha' : 1,
'beta' : 1,
 },
 'HNO.ezfio' : {
 'alpha' : 1,
'beta' : 1,
 },
 'HOCl.ezfio' : {
 'alpha' : 1,
'beta' : 1,
 },
 'HOF.ezfio' : {
 'alpha' : 1,
'beta' : 1,
 },
 'HOMg.ezfio' : {
 'alpha' : 1,
'beta' : 1,
 },
 'HONa.ezfio' : {
 'alpha' : 1,
'beta' : 1,
 },
 'HOO.ezfio' : {
 'alpha' : 1,
'beta' : 1,
 },
 'HOOH.ezfio' : {
 'alpha' : 1,
'beta' : 1,
 },
 'HSSH.ezfio' : {
 'alpha' : 1,
'beta' : 1,
 },
 'Li2.ezfio' : {
 'alpha' : 1,
'beta' : 1,
 },
 'LiCl.ezfio' : {
 'alpha' : 1,
'beta' : 1,
 },
 'Li.ezfio' : {
 'alpha' : 1,
'beta' : 1,
 },
 'Li+.ezfio' : {
 'alpha' : 1,
'beta' : 1,
 },
 'LiF.ezfio' : {
 'alpha' : 1,
'beta' : 1,
 },
 'LiH.ezfio' : {
 'alpha' : 1,
'beta' : 1,
 },
 'LiN.ezfio' : {
 'alpha' : 1,
'beta' : 1,
 },
 'LiO.ezfio' : {
 'alpha' : 1,
'beta' : 1,
 },
 'LiOH.ezfio' : {
 'alpha' : 1,
'beta' : 1,
 },
 'MgCl.ezfio' : {
 'alpha' : 1,
'beta' : 1,
 },
 'Mg.ezfio' : {
 'alpha' : 1,
'beta' : 1,
 },
 'Mg+.ezfio' : {
 'alpha' : 1,
'beta' : 1,
 },
 'MgH.ezfio' : {
 'alpha' : 1,
'beta' : 1,
 },
 'MgS.ezfio' : {
 'alpha' : 1,
'beta' : 1,
 },
 'N2.ezfio' : {
 'alpha' : 1,
'beta' : 1,
 },
 'N2+.ezfio' : {
 'alpha' : 1,
'beta' : 1,
 },
 'Na2.ezfio' : {
 'alpha' : 1,
'beta' : 1,
 },
 'NaCl.ezfio' : {
 'alpha' : 1,
'beta' : 1,
 },
 'Na.ezfio' : {
 'alpha' : 1,
'beta' : 1,
 },
 'Na+.ezfio' : {
 'alpha' : 1,
'beta' : 1,
 },
 'NaH.ezfio' : {
 'alpha' : 1,
'beta' : 1,
 },
 'N.ezfio' : {
 'alpha' : 1,
'beta' : 1,
 },
 'N+.ezfio' : {
 'alpha' : 1,
'beta' : 1,
 },
 'NF.ezfio' : {
 'alpha' : 1,
'beta' : 1,
 },
 'NH2-.ezfio' : {
 'alpha' : 1,
'beta' : 1,
 },
 'NH2.ezfio' : {
 'alpha' : 1,
'beta' : 1,
 },
 'NH3.ezfio' : {
 'alpha' : 1,
'beta' : 1,
 },
 'NH3+.ezfio' : {
 'alpha' : 1,
'beta' : 1,
 },
 'NH4+.ezfio' : {
 'alpha' : 1,
'beta' : 1,
 },
 'NH-.ezfio' : {
 'alpha' : 1,
'beta' : 1,
 },
 'NH.ezfio' : {
 'alpha' : 1,
'beta' : 1,
 },
 'NO-.ezfio' : {
 'alpha' : 1,
'beta' : 1,
 },
 'NO.ezfio' : {
 'alpha' : 1,
'beta' : 1,
 },
 'NP.ezfio' : {
 'alpha' : 1,
'beta' : 1,
 },
 'NS.ezfio' : {
 'alpha' : 1,
'beta' : 1,
 },
 'NSi.ezfio' : {
 'alpha' : 1,
'beta' : 1,
 },
 'O2Cl.ezfio' : {
 'alpha' : 1,
'beta' : 1,
 },
 'O2-.ezfio' : {
 'alpha' : 1,
'beta' : 1,
 },
 'O2.ezfio' : {
 'alpha' : 1,
'beta' : 1,
 },
 'O2+.ezfio' : {
 'alpha' : 1,
'beta' : 1,
 },
 'O2S.ezfio' : {
 'alpha' : 1,
'beta' : 1,
 },
 'O2Si.ezfio' : {
 'alpha' : 1,
'beta' : 1,
 },
 'O3.ezfio' : {
 'alpha' : 1,
'beta' : 1,
 },
 'OCl.ezfio' : {
 'alpha' : 1,
'beta' : 1,
 },
 'O-.ezfio' : {
 'alpha' : 1,
'beta' : 1,
 },
 'O.ezfio' : {
 'alpha' : 1,
'beta' : 1,
 },
 'O+.ezfio' : {
 'alpha' : 1,
'beta' : 1,
 },
 'OH2.ezfio' : {
 'alpha' : 1,
'beta' : 1,
 },
 'OH2+.ezfio' : {
 'alpha' : 1,
'beta' : 1,
 },
 'OH3+.ezfio' : {
 'alpha' : 1,
'beta' : 1,
 },
 'OH-.ezfio' : {
 'alpha' : 1,
'beta' : 1,
 },
 'OH.ezfio' : {
 'alpha' : 1,
'beta' : 1,
 },
 'OH+.ezfio' : {
 'alpha' : 1,
'beta' : 1,
 },
 'OMg.ezfio' : {
 'alpha' : 1,
'beta' : 1,
 },
 'ONa.ezfio' : {
 'alpha' : 1,
'beta' : 1,
 },
 'OP-.ezfio' : {
 'alpha' : 1,
'beta' : 1,
 },
 'OP.ezfio' : {
 'alpha' : 1,
'beta' : 1,
 },
 'OPH.ezfio' : {
 'alpha' : 1,
'beta' : 1,
 },
 'OS.ezfio' : {
 'alpha' : 1,
'beta' : 1,
 },
 'OSi.ezfio' : {
 'alpha' : 1,
'beta' : 1,
 },
 'P2.ezfio' : {
 'alpha' : 1,
'beta' : 1,
 },
 'P2+.ezfio' : {
 'alpha' : 1,
'beta' : 1,
 },
 'PCl.ezfio' : {
 'alpha' : 1,
'beta' : 1,
 },
 'P-.ezfio' : {
 'alpha' : 1,
'beta' : 1,
 },
 'P.ezfio' : {
 'alpha' : 1,
'beta' : 1,
 },
 'PH2-.ezfio' : {
 'alpha' : 1,
'beta' : 1,
 },
 'PH2.ezfio' : {
 'alpha' : 1,
'beta' : 1,
 },
 'PH2+.ezfio' : {
 'alpha' : 1,
'beta' : 1,
 },
 'PH3.ezfio' : {
 'alpha' : 1,
'beta' : 1,
 },
 'PH3+.ezfio' : {
 'alpha' : 1,
'beta' : 1,
 },
 'PH4+.ezfio' : {
 'alpha' : 1,
'beta' : 1,
 },
 'PH-.ezfio' : {
 'alpha' : 1,
'beta' : 1,
 },
 'PH.ezfio' : {
 'alpha' : 1,
'beta' : 1,
 },
 'PS.ezfio' : {
 'alpha' : 1,
'beta' : 1,
 },
 'S2-.ezfio' : {
 'alpha' : 1,
'beta' : 1,
 },
 'S2.ezfio' : {
 'alpha' : 1,
'beta' : 1,
 },
 'S-.ezfio' : {
 'alpha' : 1,
'beta' : 1,
 },
 'S.ezfio' : {
 'alpha' : 1,
'beta' : 1,
 },
 'S+.ezfio' : {
 'alpha' : 1,
'beta' : 1,
 },
 'SH2.ezfio' : {
 'alpha' : 1,
'beta' : 1,
 },
 'SH2+.ezfio' : {
 'alpha' : 1,
'beta' : 1,
 },
 'SH3+.ezfio' : {
 'alpha' : 1,
'beta' : 1,
 },
 'SH-.ezfio' : {
 'alpha' : 1,
'beta' : 1,
 },
 'SH.ezfio' : {
 'alpha' : 1,
'beta' : 1,
 },
 'SH+.ezfio' : {
 'alpha' : 1,
'beta' : 1,
 },
 'Si2.ezfio' : {
 'alpha' : 1,
'beta' : 1,
 },
 'SiCl.ezfio' : {
 'alpha' : 1,
'beta' : 1,
 },
 'Si-.ezfio' : {
 'alpha' : 1,
'beta' : 1,
 },
 'Si.ezfio' : {
 'alpha' : 1,
'beta' : 1,
 },
 'SiH2_1A1.ezfio' : {
 'alpha' : 1,
'beta' : 1,
 },
 'SiH2_3B1.ezfio' : {
 'alpha' : 1,
'beta' : 1,
 },
 'SiH2-.ezfio' : {
 'alpha' : 1,
'beta' : 1,
 },
 'SiH3-.ezfio' : {
 'alpha' : 1,
'beta' : 1,
 },
 'SiH3.ezfio' : {
 'alpha' : 1,
'beta' : 1,
 },
 'SiH4.ezfio' : {
 'alpha' : 1,
'beta' : 1,
 },
 'SiH4+.ezfio' : {
 'alpha' : 1,
'beta' : 1,
 },
 'SiH-.ezfio' : {
 'alpha' : 1,
'beta' : 1,
 },
 'SiH.ezfio' : {
 'alpha' : 1,
'beta' : 1,
 },
 'SiS.ezfio' : {
 'alpha' : 1,
'beta' : 1,
 },
}
